// Jest Snapshot v1, https://goo.gl/fbAQLP

exports[`Table has a valid snapshot 1`] = `
<main
  className="table"
>
  <section
    className="table-row"
  >
    <span
      style={
        Object {
          "width": "40%",
        }
      }
    >
      <a
        href={undefined}
      >
        1
      </a>
    </span>
    <span
      style={
        Object {
          "width": "40%",
        }
      }
    >
      1
    </span>
    <span
      style={
        Object {
          "width": "30%",
        }
      }
    >
      1
    </span>
    <span
      style={
        Object {
          "width": "10%",
        }
      }
    >
      2
    </span>
    <span
      style={
        Object {
          "width": "10%",
        }
      }
    >
      <button
        className="button-inline"
        onClick={[Function]}
        type="button"
      >
        Dismiss
      </button>
    </span>
  </section>
  <section
    className="table-row"
  >
    <span
      style={
        Object {
          "width": "40%",
        }
      }
    >
      <a
        href={undefined}
      >
        2
      </a>
    </span>
    <span
      style={
        Object {
          "width": "40%",
        }
      }
    >
      2
    </span>
    <span
      style={
        Object {
          "width": "30%",
        }
      }
    >
      1
    </span>
    <span
      style={
        Object {
          "width": "10%",
        }
      }
    >
      2
    </span>
    <span
      style={
        Object {
          "width": "10%",
        }
      }
    >
      <button
        className="button-inline"
        onClick={[Function]}
        type="button"
      >
        Dismiss
      </button>
    </span>
  </section>
</main>
`;
